0 silly argv {
0 silly argv   _: [ 'run' ],
0 silly argv   ignore: 'src',
0 silly argv   private: false,
0 silly argv   stream: true,
0 silly argv   lernaVersion: '4.0.0',
0 silly argv   '$0': 'node_modules/.bin/lerna',
0 silly argv   script: 'build'
0 silly argv }
1 notice cli v4.0.0
2 verbose rootPath /home/dawson/workspace/maelstrom-futurism
3 error JSONError: Unexpected string in JSON at position 1684 while parsing '{  "name": "layout",  "version": "1.0.' in packages/layout/package.json
3 error
3 error [0m [90m 53 |[39m     [32m"react"[39m[33m:[39m [32m"17.0.2"[39m[33m,[39m[0m
3 error [0m [90m 54 |[39m     [32m"@emotion/react"[39m[33m:[39m [32m"^11.1.4"[39m[0m
3 error [0m[31m[1m>[22m[39m[90m 55 |[39m     [32m"@maelstrom-futurism/theme"[39m[33m:[39m [32m"0.7.0"[39m[0m
3 error [0m [90m    |[39m     [31m[1m^[22m[39m[0m
3 error [0m [90m 56 |[39m   }[33m,[39m[0m
3 error [0m [90m 57 |[39m   [32m"peerDependences"[39m[33m:[39m {[0m
3 error [0m [90m 58 |[39m     [32m"@emotion/react"[39m[33m:[39m [32m">= 11"[39m[33m,[39m[0m
3 error
3 error     at parseJson (/home/dawson/workspace/maelstrom-futurism/node_modules/parse-json/index.js:29:21)
3 error     at parse (/home/dawson/workspace/maelstrom-futurism/node_modules/load-json-file/index.js:15:9)
3 error     at module.exports (/home/dawson/workspace/maelstrom-futurism/node_modules/load-json-file/index.js:18:47)
